Discovered 831 task(s); running 831; skipping 0 completed task(s).
[error] 0ctf2017__babyheap-ef570c4099
[error] 0ctf2018__blackhole-a700794e47
[error] 0ctf2018__zerofs-a2e28d4faf
[error] 0ctf2017__easiestprintf-4f87eb0f0f
[error] 0ctf2018__babyheap2018-dd1280c09c
[error] 0ctf2018__freenote2018-14294ef976
[error] 0ctf2017__diethard-42aa242adb
[error] 0ctf2019__babyheap-914f2b64c7
[error] 0ctf2019__elements-12c9366ea1
[error] 0ctf2019__babysandbox-7a2ec9c71b
[error] 0ctf2019__plang-5fefdae8a9
[error] 0ctf2019__sanitize-eaf6397f86
[error] 0ctf2019__zerotask-a1c287d32e
[error] 0ctf2019__scanner-0dbd381bf4
[error] 0ctf2021quals__cloudpass-833af61b7a
[error] 0ctf2018__heapstorm-0159a07ea6
[error] 0ctf2018__subtraction-a0a3add0f4
[error] 0ctf2021quals__future-c15da51ded
[error] 0ctf2021quals__listbook-d31dfe2bb9
[error] 0ctf2021quals__vp-73b9611bad
[error] 0ctf2021quals__zer0lfsr-94e599756e
[error] 0x41414141ctf2021__client-1623b627b2
[error] 0x41414141ctf2021__external-746d3f61e6
[error] 0x41414141ctf2021__factorize-4ce5db5bbd
[error] 0x41414141ctf2021__filereader-239df2567e
[error] 0x41414141ctf2021__hash-b748990301
[error] 0x41414141ctf2021__moving-signals-1dbead341e
[error] 0x41414141ctf2021__pyjail-3fc3bf1e4c
[error] 0x41414141ctf2021__shjail-d0e3540001
[error] 0x41414141ctf2021__ret-of-the-rops-803ed111cb
[error] 0x41414141ctf2021__staple-aes-58ef1c4117
[error] 0x41414141ctf2021__soul-8e07deb4ca
