===== START TRAJECTORY 001 =====
dataset=/data2/nfs/wangyingqi/CTF-Dojo/ctf-archive
output=/data2/nfs/wangyingqi/Cyber-Zero/trajectories/ctfdojo_3traj_20260830_144722/traj_001
workers=8
step_limit=200
task_timeout=7200
model_timeout=1200
Effective runtime configuration: workers=8 step_limit=200 task_timeout=7200s inner_task_timeout=7140s model_timeout=1200.0s messages_api_timeout=1170.0s max_bridge_containers=180 max_dynamic_networks=24
Discovered 1081 task(s); running 1081; skipping 0 completed task(s).
[generated] 0ctf2017__babyheap-ef570c4099
[error] 0ctf2017__diethard-42aa242adb
[error] 0ctf2018__freenote2018-14294ef976
[generated] 0ctf2019__babyaegis-1960f06dcf
[generated] 0ctf2019__babyheap-914f2b64c7
[generated] 0ctf2018__babyheap2018-dd1280c09c
[error] 0ctf2018__subtraction-a0a3add0f4
[generated] 0ctf2019__babyrsa-ce712ac949
[generated] 0ctf2019__plang-5fefdae8a9
[generated] 0ctf2018__blackhole-a700794e47
[error] 0ctf2019__elements-12c9366ea1
[error] 0ctf2017__easiestprintf-4f87eb0f0f
[generated] 0ctf2021quals__cloudpass-833af61b7a
[error] 0ctf2018__heapstorm-0159a07ea6
[generated] 0ctf2018__zerofs-a2e28d4faf
[error] 0ctf2019__sanitize-eaf6397f86
[error] 0ctf2021quals__future-c15da51ded
[generated] 0ctf2019__babysandbox-7a2ec9c71b
[generated] 0x41414141ctf2021__client-1623b627b2
[generated] 0ctf2019__scanner-0dbd381bf4
[error] 0ctf2021quals__vp-73b9611bad
[generated] 0x41414141ctf2021__factorize-4ce5db5bbd
[error] 0x41414141ctf2021__moving-signals-1dbead341e
[error] 0ctf2019__flropyd-09e7147194
[error] 0ctf2019__zerotask-a1c287d32e
[generated] 0x41414141ctf2021__filereader-239df2567e
[generated] 0x41414141ctf2021__pyjail-3fc3bf1e4c
[generated] 0x41414141ctf2021__staple-aes-58ef1c4117
[error] 0ctf2021quals__zer0lfsr-94e599756e
[error] 0x41414141ctf2021__soul-8e07deb4ca
[generated] 0x41414141ctf2021__wallet-905c1e0477
[generated] 0x41414141ctf2021__wrongdownload-7ff4c2cf36
[generated] 0x41414141ctf2021__ware-776e7dd590
[error] 0ctf2021quals__listbook-d31dfe2bb9
[error] 0x41414141ctf2021__x-and-or-9c2d086dd6
[generated] 0xl4ugh__dorya-703d970fe8
[error] 0x41414141ctf2021__shjail-d0e3540001
[generated] 0x41414141ctf2021__ret-of-the-rops-803ed111cb
[error] 0xl4ugh__4lld4y-b74781c06f
[generated] 29c3ctf2012__maya-c999b974e7
[generated] 0x41414141ctf2021__the-pwn-inn-2e1e15efd7
[error] 0x41414141ctf2021__external-746d3f61e6
[error] 29c3ctf2012__ru1337-2cd33da820
[error] 29c3ctf2012__updateserver-e48874c439
[error] accessdeniedctf2022__babyc-c2078a26dd
[error] accessdeniedctf2022__binary-3e6741a647
[error] accessdeniedctf2022__ecc-3d127053ae
[error] accessdeniedctf2022__enormous-6a940f987e
[error] accessdeniedctf2022__llvm-a48f8b792b
[error] accessdeniedctf2022__merklegoodman-31a2119d2d
[error] accessdeniedctf2022__mitm2-244fcbf6b2
[error] accessdeniedctf2022__ret2system-7ee678ed27
[error] accessdeniedctf2022__rsa1-c8bd10fa8c
[error] accessdeniedctf2022__rsa2-be1fc73c80
[error] accessdeniedctf2022__rsa3-f4b61fe1f1
[error] accessdeniedctf2022__smallkey-203d49c058
[error] amateursctf__addition-124a8519eb
[error] amateursctf__division-fbe1862c45
[error] amateursctf__normal-d7682fea15
[error] amateursctf__piano-ecf34098a0
[error] amateursctf__uncrackable-c1d77ff9b8
[error] angstromctf2016__amoebananas-096ba93b9b
[error] angstromctf2016__artifact-8f4115f2bd
[error] angstromctf2016__asmtracing-66ce8a074b
[error] angstromctf2016__casino-005b859d7b
[error] angstromctf2016__cipher-44e22b336f
[error] angstromctf2016__client-fda76b713e
[error] angstromctf2016__drag-6b2e194935
[error] angstromctf2016__endian-d1fb7a611d
[error] angstromctf2016__fender-dd139e2be2
[error] angstromctf2016__flaglock-fd9b771f6c
[error] angstromctf2016__formatone-98879638e5
[error] angstromctf2016__hamlet-93c4f5aa7c
[error] angstromctf2016__headsup-f6dcaaefbd
[error] angstromctf2016__helpcenter-40af403593
[error] angstromctf2016__hex-45b855775f
[error] 0x41414141ctf2021__hash-b748990301
[error] angstromctf2016__imageencryptor-3fd7f8a719
[error] angstromctf2016__javabest-1cead26f71
[error] angstromctf2016__metasploit-b5a599dd2b
[error] angstromctf2016__music-b0dab2ba47
[error] angstromctf2016__oops-70e3217050
[error] angstromctf2016__recovery-091b60899b
[error] angstromctf2016__rsa-93131a6e97
[error] angstromctf2016__spqr-e999510cd2
[error] angstromctf2016__yankovic-b42c352709
[error] angstromctf2017__begin-0b186ac140
[error] angstromctf2017__casino-31940756d6
[error] angstromctf2017__knockknock-12b3cb841a
[error] angstromctf2017__obligatory-56aac085a4
[error] angstromctf2017__royalcasino-03333d0435
[error] angstromctf2017__substitutioncipher-ca399c5f69
[error] angstromctf2018__accumulator-b786e674d5
[error] angstromctf2018__backtobasics-26f0cc5580
[error] angstromctf2018__bankroppery-a292714cd7
[error] angstromctf2018__introtorsa-add58986dd
[error] angstromctf2018__productkey-5ef6242f8d
[error] angstromctf2018__rev1-45eef2a6ef
[error] angstromctf2018__rev2-9845185ea0
[generated] 29c3ctf2012__proxy-3bc02960ae
[error] angstromctf2018__rev3-1e44c64790
[error] angstromctf2018__waldo2-3bfdd063fe
[error] angstromctf2018__washington-eaa54f974b
[error] angstromctf2018__weirdmessage-07aea4dffe
[error] angstromctf2018__xor-609f529d0c
[error] angstromctf2019__blankpaper-bb8f8e957e
[error] angstromctf2019__chainofrope-8b0704bdad
[error] angstromctf2019__highqualitychecks-ab61aea249
[error] angstromctf2019__icthyo-7b55ea7694
[error] angstromctf2019__like-0297a2a569
[error] angstromctf2019__lithp-eca00f4b15
[error] angstromctf2019__onebite-5d5969b1bc
[error] angstromctf2019__overmybrain-aced06d6d4
[error] angstromctf2019__paperbin-bdd19f2276
[error] angstromctf2019__reallysecurealgorithm-8280fb4b86
[error] angstromctf2019__runes-c0f494e2ba
[error] angstromctf2022__amongus-7f5512976a
[error] angstromctf2022__caesaranddesister-9224ebd972
[error] angstromctf2022__dyn-8231591f0c
[error] angstromctf2022__numbergame-0e1ba800c0
[error] angstromctf2022__randomlysampledalgorithm-9535a36015
[error] angstromctf2022__reallyobnoxiousproblem-3318ac1619
[error] angstromctf2022__shark1-8091d8e05a
[error] angstromctf2022__uninspired-e9293d179b
[error] angstromctf2022__wah-0939668a61
[error] angstromctf2022__whatsmyname-4ab602d9f0
[error] angstromctf2024__awman-c5e3e16fcf
[error] angstromctf2024__bap-3ddcf49894
[error] angstromctf2024__exam-3c262ac281
[error] angstromctf2024__heapify-8e4ecdb276
[error] angstromctf2024__layers-bb7c736d74
[error] angstromctf2024__leftright-8a0c75647a
[error] angstromctf2024__og-4c22054828
[error] angstromctf2024__philosophy-12b2af64e8
[error] angstromctf2024__presidential-588968e033
[error] angstromctf2024__simonsays-54f8f99d05
[error] angstromctf2024__snowman-23583f447c
[error] angstromctf2024__stacksort-612a330523
[error] angstromctf2024__themectl-842437a7ba
[error] angstromctf2024__tss1-50ffa2c0d5
[error] angstromctf2024__tss2-a59b375b3d
[error] asisctf2013__dice-9a740c2fe7
[error] asisctf2013__encoding-303677be29
[error] asisctf2013__inaccessible-3de9b201ef
[error] asisctf2013__licensekey-67ea54c051
[error] asisctf2013__memdump-9eb9d41460
[error] asisctf2013__pcaps-8854d61f48
[error] asisctf2013__serialnumber-5427bfd18f
[error] asisctf2013__simpleofficer-59f455959e
[error] asisctf2014__blocks-177567da78
[error] asisctf2014__randomimage-343c139fc3
[error] backdoorctf2019__babyheapbackdoorctf-55394c351a
[error] backdoorctf2019__babytcache-e47930fae9
[error] backdoorctf2019__echo-6502dc4978
[error] backdoorctf2019__forgot-00873c4f8a
[error] backdoorctf2019__matrix-be4c9e1e19
[error] backdoorctf2019__miscpwn-36576a5a30
[error] backdoorctf2019__rsanne-9747e3d8d2
[error] backdoorctf2019__team-d0832c1f18
[error] boilers2026__badyuri-38b166a755
[error] boilers2026__bike-9f39487a81
[error] boilers2026__build-a-builtin-74c3be682c
[error] boilers2026__ecb-lasagna-b4be39466d
[error] boilers2026__transmutation-c701b08d06
[error] boilers2026__yaml-practice-8e281c95a2
[error] breakthesyntaxctf2026__bugxxor-32cc29646c
[error] breakthesyntaxctf2026__captcha-915b66cced
[error] breakthesyntaxctf2026__cart-blanche-fe460cb41a
[error] breakthesyntaxctf2026__crabuoros-5b0d9c15aa
[error] breakthesyntaxctf2026__far-1aa5957e74
[error] breakthesyntaxctf2026__fcp-58c47657e5
[error] breakthesyntaxctf2026__flagchecker-63c90eda42
[error] breakthesyntaxctf2026__my-first-game-d80a8ca24f
[error] breakthesyntaxctf2026__pokecollector-421cd93ac7
[error] breakthesyntaxctf2026__poni-barn-60c05f3343
[error] breakthesyntaxctf2026__seashells-9437d583af
[error] breakthesyntaxctf2026__shellcode-1-11-1ff87be40a
[error] breakthesyntaxctf2026__shellcode-2-22-29ddf870d2
[error] breakthesyntaxctf2026__stepping-stones-c406728619
[error] breakthesyntaxctf2026__w-f7a5bca4c0
[error] breakthesyntaxctf2026__zabbix-15101c0a24
[error] buckeyectf2025__character-bb62722987
[error] buckeyectf2025__squarecipher-327f1c739e
[error] byuctf2022__ballgame-bd92ed527e
[error] byuctf2022__basicrev-c8b2d7e12e
[error] byuctf2022__blue-3d3e778caf
[error] byuctf2022__chicken-bfa1d7b5c8
[error] byuctf2022__funfact-e5f934f3a4
[error] byuctf2022__qool-61535b1363
[error] byuctf2022__shift-f1a1895471
[error] byuctf2022__truth-4b851ce914
[error] byuctf2022__xqr-3de8e92e5b
[error] byuctf2023__crcconfusion-da0bc61aae
[error] byuctf2023__hexadecalingo-367ffeeab2
[error] byuctf2023__misc006-1-370b82f947
[error] byuctf2023__misc006-2-8e440b218e
[error] byuctf2023__pwn2038-da66ef2cde
[error] byuctf2023__rsa1-dd8a52608a
[error] byuctf2023__rsa2-8d1726dcb3
[error] byuctf2023__rsa3-ecd24f17a7
[error] byuctf2023__rsa4-00e9ffca72
[error] byuctf2023__rsa5-539c3e2606
[error] byuctf2023__xkcd2637-c37105dc04
[error] byuctf2024__aresa-117f0ebf59
[error] byuctf2024__domath-58eab79bfc
[error] byuctf2024__giveup-15b44176c5
[error] byuctf2024__gotmail-3809738b26
[error] byuctf2024__meetgreg-ff4756bd74
[error] byuctf2024__multiplied-7f0ff56ab5
[error] byuctf2024__petrolhead-af27cc2d61
[error] byuctf2024__typosquatting-739452ca20
[error] byuctf2024__vacationboats-3c135b452c
[error] byuctf2024__wateryoudoing-35c5c0826f
[error] byuctf2024__worstchallenge-6f58ecc28c
[error] cactusconctf2025__clueless-03c747ddd5
[error] cactusconctf2025__frng-9017cafe00
[error] cactusconctf2025__numbersleuthv1-2c3c2c86b0
[error] cactusconctf2025__numbersleuthv2-dfbba1b78c
[error] cactusconctf2025__numbersleuthv3-8a1c1410db
[error] cactusconctf2025__securerepititions-11ef1148eb
[error] cactusconctf2026__dumpdrop-77e7911e15
[error] cactusconctf2026__moveit-dc684aaa6b
[error] cactusconctf2026__schwisfty-b628d51d12
[error] ccscctf2020__basilisk64-10f7d66898
[error] ccscctf2020__echoes-556b98f92b
[error] ccscctf2020__guy-2434da254a
[error] ccscctf2020__mouse-8ea962072f
[error] ccscctf2020__routes-4890dd9acf
[error] ccscctf2020__spell-1a53e10156
[error] codegate2011__binary100-67558efe54
[error] codegate2011__binary200-86b1e7753d
[error] codegate2011__binary300-22458faec8
[error] codegate2011__binary400-1243c11d8b
[error] codegate2011__binary500-cefbf7b2da
[generated] 0xl4ugh__smolweb-74fa5794c9
[error] codegate2011__crypto300-8cd21e337e
[error] codegate2011__crypto400-03841afcb1
[error] codegate2011__crypto500-798aa2710d
[error] codegate2011__forensics200-14fd73a05e
[error] codegate2011__forensics300-346f0a6716
[error] codegate2011__forensics400-9df35c7ced
[error] codegate2011__network100-a7486b313b
[error] codegate2026__greybox-cef0c5fdfc
[error] codegate2026__welcomeflag-460af61ace
[error] codegatectf2012__bin100-50b7597d1e
[error] codegatectf2012__bin200-33fce2039e
[error] codegatectf2012__bin300-1e5efa98de
[error] codegatectf2012__bin400-2be022a51a
[error] codegatectf2012__bin500-29a4f3d06d
[error] codegatectf2012__forensics200-5ba0ef59b9
[error] codegatectf2012__forensics100-557361c88d
[error] codegatectf2012__forensics300-d9c787f377
[error] codegatectf2012__forensics400-07299ce4a4
[error] codegatectf2012__vuln500-ab7ac08039
[error] codegatectf2013__vuln100-a77882b9d1
[error] codegateprelims2014__4stone-a264a3646b
[error] codegateprelims2014__angrydoraemon-b4db0f8438
[error] codegateprelims2014__automata-16578b2814
[error] codegateprelims2014__chronological-88563fc6fb
[error] codegateprelims2014__crackme-f96c343ca3
[error] codegateprelims2014__dodosandbox-7d6c56cc47
[error] codegateprelims2014__hypercat-5d5e0ffea2
[error] codegateprelims2014__minibomb-1020012938
[error] codegateprelims2014__weirdsnus-ef14c1ce29
[error] corctf2021__babyrand-d385d1e7d2
[error] corctf2021__babyrev-9586577efd
[error] corctf2021__bank-8381fab8c4
[error] corctf2021__chainblock-5203b86414
[error] corctf2021__chance-c6559426c6
[error] corctf2021__cshell-9416bb5dad
[error] corctf2021__fibinary-18c2a3f2eb
[error] corctf2021__fourninesix-5650a32f2d
[error] corctf2021__friedrice-7fb404273d
[error] corctf2021__lcg-301598ebd3
[error] corctf2021__vmquack-6ae8f0de52
[error] corctf2022__babypad-0ce6546841
[error] corctf2022__bogus-20706dcb3a
[error] corctf2022__edgelord-5e570882f6
[error] corctf2022__exchanged-9b711913d1
[error] corctf2022__msfrob-f5eaf5a145
[error] corctf2022__turbocrab-3fc121dae4
[error] corctf2022__vmquacksrevenge-302edec6d1
[error] cryptoctf2020__amsterdam-56bd2369b2
[error] cryptoctf2020__complextohell-db5e310169
[error] cryptoctf2020__fatima-fc1dd85984
[error] cryptoctf2020__onelinecrypto-b3007267e1
[error] cryptoctf2020__threeravens-5036e0ae6a
[error] cryptoctf2020__trailingbits-66efe1cd7d
[error] cryptoctf2021__dorsa-b5b191f594
[error] cryptoctf2021__ecchimera-b635dc8205
[error] cryptoctf2021__elegant-a456ace310
[error] cryptoctf2021__farm-1851c56d60
[error] cryptoctf2021__frozen-b2c971ce34
[error] cryptoctf2021__hamul-20c182652b
[error] cryptoctf2021__hypernormal-939e82c69f
[error] cryptoctf2021__improved-579cdb1dbe
[error] cryptoctf2021__lower-e4768a4bc9
[error] cryptoctf2021__rima-97c3c71e70
[error] cryptoctf2021__tinyecc-6c09bfc323
[error] cryptoctf2021__triplet-67f133a3b3
[error] cryptoctf2021__trunc-33eb9aceda
[error] cryptoctf2021__wolf-781b54ca8e
[error] cryptoversectf2022__bigrabin-1e63e34216
[error] cryptoversectf2022__dlog-e735d8c1fe
[error] cryptoversectf2022__rsa2-d6f44a5ecf
[error] cryptoversectf2022__rsa3-c58ab48b84
[error] cryptoversectf2022__tale-44cca076a5
[error] cryptoversectf2022__worldcup-929645efc9
[generated] 0xl4ugh__spiralfloats-480319c59e
[error] cryptoversectf2023__babyaes-3896923e76
[error] cryptoversectf2023__backpack-2bbd847755
[error] cryptoversectf2023__fractionalflag-256793b5b4
[error] cryptoversectf2023__lsfr-b5de9ea53d
[error] cryptoversectf2023__microassembly-5dc6b94381
[error] cryptoversectf2023__picochip1-5048929078
[error] cryptoversectf2023__picochip2-74b810c9b5
[error] cryptoversectf2023__retschool-7eda7adec1
[error] cryptoversectf2023__simplecheckin-befa7234ba
[error] cryptoversectf2023__standardvm-f203a97c9d
[error] csaw2017__almostxor-4ef49ecc2f
[error] csaw2017__auir-1f570b3298
[error] csaw2017__babycrypt-44dcc23e56
[error] csaw2017__bananascript-cea4c15179
[error] csaw2017__cvv-3b8ee79802
[error] csaw2017__grumpcheck-3efa6046b3
[error] csaw2017__minesweeper-8fc9e3a9ed
[error] csaw2017__pilot-193662fb14
[error] csaw2017__prophecy-9d7fe668bf
[error] csaw2017__scv-06e012af46
[error] csaw2017__serial-e0d890be1d
[error] csaw2017__tablez-c537454fb4
[error] csaw2017__twitchplayspwnable-f55758ec68
[error] csaw2017__zone-412f530c18
[error] csawctf2011__crypto1-263a090aff
[error] csawctf2011__crypto10-092ad79ea2
[error] csawctf2011__crypto2-b19380f846
[error] csawctf2011__crypto3-7d01f4cbc8
[error] csawctf2011__crypto4-f2236c90b6
[error] csawctf2011__crypto5-26aa086089
[error] csawctf2011__crypto6-39f43a5780
[error] csawctf2011__crypto7-fab8085bc9
[error] csawctf2011__crypto8-a1ee7f814d
[error] csawctf2011__crypto9-e90ce6c018
[error] csawctf2011__evilburritos2-4fb7b61db0
[error] csawctf2011__hardware-27e6c0dbb0
[error] csawctf2011__linux-0e2fdb531f
[error] csawctf2011__loveletter-7fcde8ce9d
[error] csawctf2011__net1-0ddc3264e7
[error] csawctf2011__net200-3216e2f058
[error] csawctf2011__networking101-2516485fec
[error] csawctf2012__exploit200-3fc75bd922
[error] csawctf2012__exploit400-9ab2598122
[error] csawctf2012__exploit500-aa6535bf66
[generated] 29c3ctf2012__findthekey-5fb9571cbc
[error] csawctf2012__networking200-2cbcaecb62
[error] csawctf2012__networking300-498b4925c3
[error] csawctf2012__networking400-b6b4b45e03
[error] csawctf2012__rev400-13951864c8
[error] csawctf2014__aerosol-426e50ccda
[error] csawctf2014__bigdata-e46864bd7d
[error] csawctf2014__bo-ef9023ee1f
[error] csawctf2014__cfbsum-20bbba49cf
[error] csawctf2014__eggshells-6826a2ba0d
[error] csawctf2014__feal-67ada3a590
[error] csawctf2014__ish-af8a053292
[error] csawctf2014__obscurity-788832cc85
[error] csawctf2014__s3-1ec261ef57
[error] csawctf2014__saturn-7bc9ca20ca
[error] csawctfquals2020__applicative-1faf4fe060
[error] csawctfquals2021__alienmath-f96e130f7e
[error] csawctfquals2021__contactus-7a40c80263
[error] csawctfquals2021__forgery-3d17a6c2db
[error] csawctfquals2021__lazyleaks-74f2bec88b
[error] csawctfquals2021__passwordchecker-51cfb0724c
[error] csawctfquals2021__sonicgraphy-94c74e7172
[error] csawctfquals2024__aes-e796999480
[error] csawctfquals2024__chinesefood-8849b05170
[error] csawctfquals2024__covert-e8c2a1e4ff
[error] csawctfquals2024__diffusion-cb8400cb75
[error] csawctfquals2024__golf-940a69bee3
[error] csawctfquals2024__nix-568d416bb9
[error] csawctfquals2024__rickshaw-4e788041cd
[error] csawctfquals2024__trapdoor-adfbdee0c1
[error] cybergame2026__ch01-safeps-9d8612d9e9
[error] cybergame2026__ch06-elephant1-1bbed2d9a9
[error] cybergame2026__ch07-letters-7e2c3e472e
[error] cybergame2026__ch08-safeps2-90b555ed4a
[error] cybergame2026__ch12-xy-784d7e1511
[error] cybergame2026__ch17-description-9597ed7923
[error] cybergame2026__ch18-rotted-f38df09985
[error] cybergame2026__ch23-plaintext-f6acec28b9
[error] cybergame2026__ch24-span-122bac578a
[error] cybergame2026__ch25-totrue-5366150a4b
[error] cybergame2026__ch27-sudoku-c5291a73dc
[error] cybergame2026__ch30-elephant2-f7478cdda8
[error] cybergame2026__ch32-ecc-7c87ebf1d6
[error] cybergame2026__ch35-portable-fe4d18db19
[error] cybergame2026__ch36-tables-bb5df12f93
[error] cybergame2026__ch46-keypad-272816fc14
[error] dicectfquals2025__binding-b6e9ad00ec
[error] dicectfquals2025__dicecap-07c2906212
[error] dicectfquals2025__satisfied-57a9de9a82
[error] dicectfquals2025__vorpal-4cdfed450c
[error] dicectfquals2025__winxy-c2bb165b83
[error] downunderctf2020__1337crypt-5bf11fa9f6
[error] downunderctf2020__babyrsa-cebe9699d7
[error] downunderctf2020__calcgame-2a29214041
[error] downunderctf2020__ceebc-adc85696bf
[error] downunderctf2020__echos-5323db9284
[error] downunderctf2020__extracoolblockchaining-0b3035d8f3
[error] downunderctf2020__formatting-4ad93853e8
[error] downunderctf2020__hexshiftcipher-58c1eea94f
[error] downunderctf2020__impeccable-79c5d809ad
[error] downunderctf2020__returnofwhat-c8051b5abe
[error] downunderctf2020__returnofwhatsrevenge-9a9aba96c9
[error] downunderctf2020__roti-eb3dc46129
[error] downunderctf2020__shellthis-9064784a19
[generated] cryptoversectf2023__acceptance-f2778f1902
[error] downunderctf2020__vecc-1bf54387c4
[error] downunderctf2021__1337crypt-16e4f0830c
[error] downunderctf2021__babygame-aa09988fdc
[error] downunderctf2021__breakme-361e991a83
[error] downunderctf2021__flagchecker-51ab472b1d
[error] downunderctf2021__flagloader-d6425efcc2
[error] downunderctf2021__juniperus-74cf6dcdc8
[error] downunderctf2021__power-3a44d0e060
[error] downunderctf2021__substitution-3f397126b6
[error] downunderctf2021__treasure-b67e2af888
[error] downunderctf2022__babyarx-0bb35ca0e2
[error] downunderctf2022__babypywn-f49b78fbf6
[error] downunderctf2022__oracle-cc759fbb28
[error] downunderctf2022__rsaoracle1-8819a16f51
[error] downunderctf2022__rsaoracle2-87b815a046
[error] downunderctf2022__rsaoracle3-89c642456a
[error] downunderctf2022__rsaoracle4-a10ec454b2
[error] downunderctf2022__timelocked-49c366c1ff
[error] downunderctf2024__adorableencryptedanimal-a79b818ec1
[error] downunderctf2024__babysfirstforensics-850462e0ec
[error] downunderctf2024__interceptedtransmission-a56f820c9c
[error] downunderctf2024__myarraygenerator-e2e3a3b502
[error] downunderctf2024__shufflebox-30d865b1d4
[error] downunderctf2024__ternarybrained-c7bf663ca6
[error] downunderctf2024__wackyreciepe-f41ec721dd
[error] downunderctf2025__email-bb5fb5e65d
[error] downunderctf2025__fakeobj-ab494c1df8
[error] downunderctf2025__friend-55086e8c09
[error] downunderctf2025__hungry-217f43fef3
[error] downunderctf2025__rw-f2bfaca844
[error] downunderctf2025__shrsa-de9fc8d56f
[error] downunderctf2025__spawn-41dd49a12f
[error] downunderctf2025__yetanotherlogin-b01b23a34d
[error] ectf2014__ectfhacked-ad142b1dff
[error] ectf2014__friendsofcrime-2d9e05baab
[error] ectf2014__hackermessage-ccc51c9bc6
[error] ectf2014__knotty-42b6e45bab
[error] ectf2014__lowkey-59a045bebf
[error] ectf2014__python-5d2ac503a4
[error] ectf2014__seddit-46e493cedd
[error] ectf2014__sleepycoder-18c2e7ec26
[error] gitsctf2012__crypto250-70ad787dff
[error] gitsctf2012__pwn200-1cf17cf806
[error] gitsctf2012__pwn300-f1e2a274ed
[error] gitsctf2012__rev400-79f6536f7f
[error] gitsctf2012__trivia25-e811502c3c
[error] google-ctf__2017__finals__2017-finals-crypto-bender-46f1b91e82
[error] google-ctf__2017__finals__2017-finals-crypto-ed25519finalchallenge-1ac18ee44e
[error] google-ctf__2017__finals__2017-finals-crypto-tanh-a2c9902fcb
[error] google-ctf__2017__finals__2017-finals-misc-jail1-aeae96d88e
[error] google-ctf__2017__finals__2017-finals-misc-jail2-f9ce754185
[error] google-ctf__2017__finals__2017-finals-misc-turing-ab5e77f915
[error] google-ctf__2017__finals__2017-finals-pwn-hyperion-26739e7d9d
[error] google-ctf__2017__finals__2017-finals-pwn-superman-09a8a77fc2
[error] google-ctf__2017__finals__2017-finals-pwn-trash-d0e5d0c3e7
[error] google-ctf__2017__finals__2017-finals-web-casino-824db98a96
[error] google-ctf__2017__quals__2017-crypto-backdoor-2e3661f5f6
[error] google-ctf__2017__quals__2017-crypto-diffie-9d3892baaf
[error] google-ctf__2017__quals__2017-crypto-ff-6fda2dd529
[error] google-ctf__2017__quals__2017-crypto-pkcs-is-bad-70b4122c6d
[error] google-ctf__2017__quals__2017-crypto-rubik-0da1227e93
[error] google-ctf__2017__quals__2017-crypto-selfhash-959648b4a1
[error] google-ctf__2017__quals__2017-misc-anon2-86928b7cb4
[error] google-ctf__2017__quals__2017-misc-anon-cfed8e143c
[generated] 29c3ctf2012__minesweeper-dcf924888f
[generated] 29c3ctf2012__memcached-f9aad9fca1
[error] google-ctf__2017__quals__2017-misc-datastore-2f7beefc78
[error] google-ctf__2017__quals__2017-misc-mindreader-6aefba37a7
[error] google-ctf__2017__quals__2017-misc-sanity-check-ac4e354b37
[error] google-ctf__2017__quals__2017-pwn-assignment-311d5f2799
[error] google-ctf__2017__quals__2017-pwn-cfi-c0d647e02a
[error] google-ctf__2017__quals__2017-pwn-inst-prof-255a9e550b
[error] google-ctf__2017__quals__2017-pwn-primary-ec5dfa14a6
[error] google-ctf__2017__quals__2017-pwn-wars-17683aa12a
[error] google-ctf__2017__quals__2017-pwn-wiki-ae068ebb88
[error] google-ctf__2017__quals__2017-web-200-bfa6d5b4cf
[error] google-ctf__2017__quals__2017-web-asm-3fffb3f27e
[error] google-ctf__2017__quals__2017-web-b2p-bc9712a6c3
[error] google-ctf__2017__quals__2017-web-geokittiesv2-35acbb19a2
[error] google-ctf__2018__finals__crypto-auth-fef86b5ff0
[error] google-ctf__2018__finals__crypto-ble-7993147a80
[error] google-ctf__2018__finals__crypto-hrefin-129d755c38
[error] google-ctf__2018__finals__misc-distributed-e1a458fece
[error] google-ctf__2018__finals__misc-magic-cd58a4166f
[error] google-ctf__2018__finals__misc-polyglot-9c8147cbed
[error] google-ctf__2018__finals__misc-securesafe-1-79ee19fc97
[error] google-ctf__2018__finals__misc-securesafe-2-de0bdb35eb
[error] google-ctf__2018__finals__pwn-gdb-as-a-service-fd8eb9eb55
[error] google-ctf__2018__finals__pwn-just-in-time-a3643ecb86
[error] google-ctf__2018__finals__pwn-mitigator-365d0a3a06
[error] google-ctf__2018__finals__pwn-mojo-3b7ad17842
[error] google-ctf__2018__finals__pwn-scudo-6bd100e021
[error] google-ctf__2018__finals__web-blind-xss-812986839a
[error] google-ctf__2018__finals__web-js-safe-3-8e74b000bd
[error] google-ctf__2018__finals__web-mitigator-b6d4929afb
[error] google-ctf__2018__finals__web-pwn-gdb-as-a-service-cba4da4302
[error] google-ctf__2018__finals__web-quinify-7230269a15
[error] google-ctf__2018__quals__crypto-better-zip-d39aa2fe48
[error] google-ctf__2018__quals__crypto-dm-col-2cb1288953
[error] google-ctf__2018__quals__crypto-mitm-9149072f1e
[error] google-ctf__2018__quals__crypto-perfect-secrecy-a67dc6df5f
[error] google-ctf__2018__quals__misc-bookshelf-8a7d56bb28
[error] google-ctf__2018__quals__misc-feel-it-50c2219136
[error] google-ctf__2018__quals__misc-wired-csv-3f65b591ac
[error] google-ctf__2018__quals__pwn-drive-bc208f4597
[error] google-ctf__2018__quals__pwn-execve-sandbox-cbc0c412e8
[error] google-ctf__2018__quals__pwn-sandbox-compat-f9dd1bbc68
[error] google-ctf__2018__quals__pwn-sftp-694b4f473c
[generated] google-ctf__2017__quals__2017-misc-datastore2-84d6fbb376
[error] google-ctf__2018__quals__web-cat-chat-c16e37c33f
[error] google-ctf__2018__quals__web-gcalc-bc44d07b47
[error] google-ctf__2018__quals__web-js-safe-2-472d7801a4
[error] google-ctf__2018__quals__web-translate-b4e7ce1889
[error] google-ctf__2018__beginners__misc-floppy2-e4e9c0f136
[error] google-ctf__2018__beginners__misc-floppy-df8ac9b42f
[error] google-ctf__2018__beginners__misc-media-db-eca98d6db2
[error] google-ctf__2018__beginners__misc-ocr-is-cool-ca4c2c3e39
[error] google-ctf__2018__beginners__misc-security-by-obscurity-bf039e9500
[error] google-ctf__2018__beginners__pwn-env-08a233fe57
[error] google-ctf__2018__beginners__pwn-fridge-beep-d11630ff0b
[error] google-ctf__2018__beginners__pwn-fridge-todo-list-c18a2f3552
[error] google-ctf__2018__beginners__pwn-moar-49de9f1c4b
[error] google-ctf__2018__beginners__pwn-motd-3bb9fda658
[error] google-ctf__2018__beginners__pwn-poetry-98110f601e
[error] google-ctf__2018__beginners__pwn-re-mngmnt-iface-53fd3f8a8c
[error] google-ctf__2018__beginners__web-js-safe-1-fb160c685b
[error] google-ctf__2019__finals__crypto-fractorization-0fa03aac8a
[error] google-ctf__2019__finals__crypto-ofidiologist-62e0766d12
[error] google-ctf__2019__finals__crypto-vmac-4303f32093
[error] google-ctf__2019__finals__hardware-having-a-blast-f47b166c7f
[error] google-ctf__2019__finals__misc-effing-awesome-finals-ffc58390dd
[error] google-ctf__2019__finals__misc-sc-ca35a52301
[error] google-ctf__2019__finals__misc-stuffed-finals-08d7f089d5
[error] google-ctf__2019__finals__pwn-gomium-d325b69b4b
[error] google-ctf__2019__finals__pwn-solver-486fd0e5fa
[error] google-ctf__2019__finals__reversing-elisp2-6e1d2486bc
[error] google-ctf__2019__finals__reversing-gpurtl-7c320f4311
[error] google-ctf__2019__finals__reversing-lay-z-ce5ca9b909
[error] google-ctf__2019__finals__reversing-tob-c752387e2b
[error] google-ctf__2019__finals__sandbox-procbox-c49ebc2bec
[error] google-ctf__2019__finals__sandbox-ridl-5b52618aaf
[error] google-ctf__2019__finals__sandbox-sbox-cafc8e145f
[error] google-ctf__2019__finals__web-bsaber-9a8e2a1e69
[error] google-ctf__2019__finals__web-genie-da2e3ffca5
[error] google-ctf__2019__finals__web-gphotos-finals-0c9040a748
[error] google-ctf__2019__quals__hardware-flagrom-9db0a00c50
[error] google-ctf__2019__quals__hardware-poly-d35a65e6c7
[error] google-ctf__2019__quals__hardware-remotecontrol-2df94f0e98
[error] angstromctf2018__warmup-bc9612f0eb
[error] google-ctf__2019__quals__misc-doomed-0f119b10c6
[error] google-ctf__2019__quals__misc-sc00p-2427ea7ee1
[error] google-ctf__2019__quals__pwn-jit-c07eccc300
[error] google-ctf__2019__quals__pwn-regex-75ef181304
[error] google-ctf__2019__quals__reversing-android-86b609fd2c
[error] google-ctf__2019__quals__reversing-dialtone-3b4967fa7f
[error] google-ctf__2019__quals__sandbox-caas-d8557708d6
[error] google-ctf__2019__quals__sandbox-devmaster-8001-f8d899bb95
[error] google-ctf__2019__quals__sandbox-monochromatic-d168ec2eb0
[error] google-ctf__2019__quals__sandbox-sandstone-3374917d96
[error] google-ctf__2019__quals__web-bnv-e6e835a483
[error] google-ctf__2019__quals__pwn-secureboot-4b7638e30c
[error] google-ctf__2019__quals__web-glotto-5080ebfff0
[error] google-ctf__2019__quals__web-gphotos-9d7a255da1
[error] google-ctf__2019__quals__web-pastetastic-53ac6a6324
[error] google-ctf__2019__beginners__crypto-caulingo-0e148b562c
[error] google-ctf__2019__beginners__misc-satellite-f4daf9a78d
[error] google-ctf__2019__beginners__misc-drive-to-the-target-d07d82bec4
[error] google-ctf__2019__beginners__pwn-buffer-overflow-5b9b888b9d
[error] google-ctf__2019__beginners__pwn-buffer-overflow-2-263e35b314
[error] google-ctf__2019__beginners__reversing-family-computer-4f70fad299
[error] google-ctf__2019__beginners__reversing-emoji-653cd825e7
[error] google-ctf__2019__beginners__sandbox-readme-2-7e2c88e23f
[error] google-ctf__2019__beginners__sandbox-readme-ae88404624
[error] google-ctf__2019__beginners__web-wafwaf-8ac719a519
[error] google-ctf__2019__beginners__web-cwo-xss-181cf6272a
[error] google-ctf__2020__quals__crypto-yafm-d995507fb2
[error] google-ctf__2020__quals__crypto-chunk-norris-b6da0a3370
[error] google-ctf__2020__quals__hardware-avr-9006a7857a
[error] google-ctf__2020__quals__crypto-sharky__data-f030c0952b
[error] google-ctf__2020__quals__hardware-registers-562cbcd37b
[error] google-ctf__2020__quals__hardware-basics-a642746105
[generated] downunderctf2020__zombie-b61edb0697
[error] google-ctf__2020__quals__pwn-app-ads-35ae782d57
[error] google-ctf__2020__quals__pwn-exceptional-e173c5d006
[error] google-ctf__2020__quals__pwn-gatekey-7edd923e76
[error] google-ctf__2020__quals__reversing-android-7dec67b126
[error] google-ctf__2020__quals__pwn-tracing-af95f62514
[error] google-ctf__2020__quals__reversing-beginner-54438f3826
[error] google-ctf__2020__quals__reversing-dotnet-30cd2fc339
[error] google-ctf__2020__quals__reversing-sprint-1f5c6f6281
[error] google-ctf__2020__quals__reversing-power-abcf48d78b
[error] google-ctf__2020__quals__sandbox-namespacefs-d830c5a5dd
[error] google-ctf__2020__quals__sandbox-teleport-1c34bef49c
[error] google-ctf__2020__quals__sandbox-threading-a36d31518b
[error] google-ctf__2020__quals__sandbox-writeonly-55850a80dd
[error] google-ctf__2020__quals__web-littlethings-fixed-768d57b384
[error] google-ctf__2020__quals__web-littlethings-public-b65bfa6ad9
[error] google-ctf__2020__quals__web-littlethings-9ffc7a2e8e
[generated] google-ctf__2020__quals__pwn-echo-c565b36c71
[error] google-ctf__2020__quals__web-typeselfsub-support-531bd0edfc
[error] google-ctf__2020__quals__web-pasteurize-a589e4b3f8
[error] google-ctf__2020__quals__web-typeselfsub-750e3f76b4
[error] google-ctf__2021__quals__crypto-H1-bda0c73eca
[error] google-ctf__2021__quals__crypto-story-dea5c29642
[error] google-ctf__2021__quals__crypto-pythia-8cf3ae2995
[error] google-ctf__2021__quals__crypto-tiramisu-0dfa4fadda
[error] google-ctf__2021__quals__crypto-tonality-6041f133b7
[error] google-ctf__2021__quals__misc-filestore-66474ff227
[generated] google-ctf__2020__quals__web-log-me-in-09ee76e53b
[error] google-ctf__2021__quals__misc-raid-25f4f4fff0
[error] codegate2011__crypto200-17d6b698c6
[error] google-ctf__2021__quals__misc-steps-a9118f4ed7
[error] google-ctf__2021__quals__misc-zippi-aa2ae46c50
[generated] google-ctf__2021__quals__misc-shellcode-01955210a1
[error] google-ctf__2021__quals__pwn-atheris-8826d353e1
[error] google-ctf__2021__quals__pwn-fullchain-61cd32e9e0
[error] google-ctf__2021__quals__pwn-ebpf-86855af4e9
[error] google-ctf__2021__quals__pwn-memsafety-03803ba267
[error] google-ctf__2021__quals__pwn-tridroid-2d76f714a7
[error] google-ctf__2021__quals__kctf__challenge-templates__pwn-8fa1c8c946
[error] google-ctf__2021__quals__rev-adspam-6897b0f5c3
[error] google-ctf__2021__quals__rev-hexagon-128741fd3f
[error] google-ctf__2021__quals__rev-cpp-7134b488a6
[error] google-ctf__2021__quals__rev-weather-9a55b7ebc8
[error] google-ctf__2021__quals__web-empty-ls-admin-37ca15ba60
[error] google-ctf__2021__quals__rev-polymorph-f81a8672e5
[error] google-ctf__2021__quals__web-empty-ls-9dddf21b6a
[error] google-ctf__2021__quals__web-letschatmessages-06d0e49b1e
[error] google-ctf__2021__quals__web-empty-ls-xss-bot-dfd0a7ffa0
[error] google-ctf__2021__quals__web-letschatserver-fa65fd0abe
[error] google-ctf__2021__quals__web-security-driven-1a3816fdac
[error] google-ctf__2021__quals__kctf__challenge-templates__web-e9edd12301
[error] google-ctf__2022__quals__crypto-electric-mayhem-cls-5280848573
[error] google-ctf__2022__quals__crypto-custom-protocol-4429a09130
[error] google-ctf__2022__quals__crypto-cycling-84af26224b
[error] google-ctf__2022__quals__crypto-maybe-someday-a9a43614a6
[error] google-ctf__2022__quals__crypto-electric-mayhem-pqc-b91d94f196
[error] google-ctf__2022__quals__crypto-enigma-53436bb3d5
[error] google-ctf__2022__quals__hardware-weather-2717aafe27
[error] google-ctf__2022__quals__hardware-iliketrains-bde67c86a4
[error] google-ctf__2022__quals__hardware-engraver-8c0d56321a
[error] google-ctf__2022__quals__misc-ml-steal-6131df80f8
[error] google-ctf__2022__quals__misc-legit-ab9121af3a
[error] google-ctf__2022__quals__misc-appnote-2d6b94ff2b
[error] google-ctf__2022__quals__misc-ocr-d5b7954d9e
[error] google-ctf__2022__quals__misc-segfault-labyrinth-22d777287a
[error] google-ctf__2022__quals__pwn-d8-a18325510a
[error] google-ctf__2022__quals__pwn-fixedaslr-c5be3d111a
[error] google-ctf__2022__quals__pwn-madcore-2a2be72a53
[error] google-ctf__2022__quals__kctf__challenge-templates__pwn-d65a767a12
[error] google-ctf__2022__quals__rev-eldar-b907fe61a1
[error] google-ctf__2022__quals__rev-js-safe-4-7fc36c304d
[error] google-ctf__2022__quals__rev-mixed-b1dd3ca870
[error] google-ctf__2022__quals__rev-whitecube-0090a61583
[error] google-ctf__2022__quals__rev-rewinden-786712704e
[error] google-ctf__2022__quals__sandbox-ipcz-2f885e4fc4
[error] google-ctf__2022__quals__sandbox-treebox-f49bf8b514
[error] google-ctf__2022__quals__sandbox-s2-fb52e4c835
[error] google-ctf__2022__quals__sandbox-sendbox-a381e6d890
[error] google-ctf__2022__quals__web-gpushop__paymeflare__challenge-0d33230c65
[error] google-ctf__2022__quals__web-gpushop__paymeflare__haproxy-573b4ddf65
[error] google-ctf__2022__quals__web-gpushop__gpushop__challenge-62f938ee83
[error] google-ctf__2022__quals__web-horkos-f806f485f3
[error] google-ctf__2022__quals__web-log4j-39e7a94b9b
[error] google-ctf__2022__quals__web-gpushop__gpushop__varnish-d0218d7b0a
[error] google-ctf__2022__quals__kctf__challenge-templates__web-febcfa0909
[error] google-ctf__2022__quals__web-postviewer-8013ad24fb
[error] google-ctf__2022__quals__web-postviewer-bot-6dffae5b1e
[error] google-ctf__2023__quals__crypto-cursved-7a0624817b
[error] google-ctf__2023__quals__crypto-mhk2-afc3655e0f
[error] google-ctf__2023__quals__crypto-lcg-cdf214cbe5
[error] google-ctf__2023__quals__crypto-mytls-12f2f5a1bd
[generated] csawctf2012__networking100-230b888834
[error] google-ctf__2023__quals__crypto-ziphard-99a260a40f
[error] google-ctf__2023__quals__crypto-primes-0a16249dbd
[error] google-ctf__2023__quals__misc-papapapa-382844011d
[generated] google-ctf__2023__quals__misc-mine-the-gap-29ab14ad7a
[error] google-ctf__2023__quals__misc-npc-fa28e9a82b
[error] google-ctf__2023__quals__misc-symatrix-22b762c2ee
[error] google-ctf__2023__quals__pwn-gradebook-715ea2ee8c
[error] google-ctf__2023__quals__pwn-kconcat-348c68cc22
[generated] google-ctf__2023__quals__misc-totallynotbruteforce-ddd80883c8
[error] google-ctf__2023__quals__pwn-write-flag-where2-048e3772dc
[error] google-ctf__2023__quals__pwn-ubf-67b2a95f97
[error] google-ctf__2023__quals__pwn-watthewasm-e25f103827
[error] google-ctf__2023__quals__pwn-write-flag-where-ba9b8be8df
[error] google-ctf__2023__quals__rev-auxin-a92bdf20e9
[error] google-ctf__2023__quals__pwn-write-flag-where3-0abd155cc8
[error] google-ctf__2023__quals__rev-jxl-84774673b8
[error] google-ctf__2023__quals__rev-flangton-6ae34371d6
[generated] google-ctf__2023__quals__pwn-storygen-8157f92672
[generated] google-ctf__2023__quals__rev-oldschool-de4e2b922d
[error] google-ctf__2023__quals__rev-png2-68da2ab3e9
[error] google-ctf__2023__quals__rev-zermatt-e0ad167e75
[generated] google-ctf__2023__quals__rev-turtle-402172993e
[error] google-ctf__2023__quals__sandbox-lightbox-6e5f2bb106
[error] google-ctf__2023__quals__sandbox-fastbox-3073d5be13
[error] google-ctf__2023__quals__sandbox-v8box-3c697eca99
[error] grehack2012__amanfromhell-721db796e7
[error] googlectf2020__beginner-d70284b79a
[error] greycattheflag2022__baby-34f88f13de
[error] greycattheflag2022__block-95a246b4a2
[error] grehack2012__hackingfordummy-0314f84228
[error] greycattheflag2022__dot-d65bd72a1a
[error] greycattheflag2022__catino-a469df0a2c
[error] greycattheflag2022__calculator-b039b5d087
[error] hackluctf2011__pycrackme-3a34a8f40f
[error] hackluctf2011__challengetorrent-f832684a06
[error] hackluctf2011__mario-c0b5b97b8f
[error] hitcon2017quals__artifact-a00968cb54
[error] hackluctf2011__simplexor-39332e1589
[error] hackluctf2011__unknownplanet-37c7bc108f
[error] hitcon2017quals__luaky-2555a44036
[error] hitcon2017quals__babyfs-daa89545c1
[error] hitcon2017quals__easytosay-ff2b8741dc
[error] hitcon2017quals__sakura-51cc4f8ae4
[error] hitcon2017quals__reeasy-d0287d56d5
[error] hitcon2017quals__seccomp-729e2f31e0
[error] hitcon2017quals__sssp-125b6f2376
[error] hitcon2017quals__veryluaky-82e1fb4b21
[error] hitcon2017quals__start-44237de094
[error] hitcon2017quals__void-b2fefd8436
[generated] google-ctf__2023__quals__sandbox-gvisor-ca0b0f3741
[error] hitconctf2018__babytcache-45519505fa
[error] hitconctf2018__hitcon-182c6b3ace
[error] hitconctf2018__groot-67ba5209b5
[error] hitconctf2018__tftp-beead682cc
[error] hkcertctf2020__calmdown-a86ff91924
[error] hkcertctf2020__angr-19e8cef3c8
[error] hkcertctf2020__rop-68cab09b06
[error] hkcertctf2020__signin-4c191f86b8
[error] hkcertctf2021__freedom-29cdd7a686
[error] hkcertctf2021__easyheap-05391d1842
[error] hkcertctf2021__magicalpotion-7ef4632be3
[error] hkcertctf2021__longstoryshort-27b698a233
[error] hkcertctf2021__simplesignin-5d223adc32
[error] hkcertctf2022__kingrps-f0b81ed906
[error] hkcertctf2022__keyboard-b99d9cd34e
[error] hkcertctf2022__base64-fd84d6ac30
[error] hkcertctf2022__rogue-5e61b774c8
[error] hkcertctf2022__locate-11e5dd21a3
[error] hkcertctf2022__sdcard-c8bfebd173
[error] hkcertctf2022__zonn-51a6ae00bc
[error] hsctf2019__broken-repl-d2e29be1d6
[error] hsctf2019__aria-writer-3d044ee50e
[error] hsctf2019__caesars-revenge-5c66ad80f0
[error] hsctf2019__byte-1ce2107c1b
[error] google-ctf__2017__quals__2017-misc-gynvael-5682d2e066
[error] hsctf2019__caesars-revenge-wrapper-b74d8fda7c
[error] hsctf2019__fish-a384e65d28
[error] hsctf2019__daheck-e8aea8ed1d
[error] hsctf2019__combo-chain-e7f996f336
[error] hsctf2019__combo-chain-lite-bc01f56b9e
[error] hsctf2019__license-7ef99347ff
[error] hsctf2019__keith-logger-1f0899a8fa
[error] hsctf2019__forgotpassword-715202b716
[error] hsctf2019__hiddenflag-aa632c989e
[generated] google-ctf__2021__quals__pwn-compression-b1d6d16b15
[error] hsctf2019__slap-0386f7789b
[error] hsctf2019__verbose-08a0326ec4
[error] hsctf2019__the-quest-d97e4f3952
[error] hsctf2020__apcs-bbcd470ba9
[error] hsctf2020__apenglish-416f057c5b
[error] hsctf2019__welcome-to-crypto-land-b7e0196999
[error] hsctf2019__virtualjava-dd9a739279
[error] hsctf2020__comments-86468d75f6
[error] hsctf2020__binaryword-323ba05455
[error] hsctf2020__pie-81f143a726
[error] hsctf2020__mountains-8f697c53e6
[error] hsctf2021__aptenodytes-04e65dd88a
[error] hsctf2020__unexpected-4f642ed328
[error] hsctf2020__xored-b538ff5827
[error] hsctf2020__primes-27f1afa566
[error] hsctf2021__opisthocomus-a6d4c1e3f0
[error] hsctf2021__canis-c02c9ffb06
[error] google-ctf__2018__quals__web-bbs-faa547231c
[error] hsctf2021__queen-3c4725f299
[error] hsctf2021__multidimensional-9dc1263137
[error] imaginaryctf2021__inkaphobia-5dea47e4d4
[error] imaginaryctf2021__linonophobia-e2a57ffdad
[error] imaginaryctf2021__foliage-b4fca436df
[error] imaginaryctf2021__gottagofast-513f06dd9c
[error] hsctf2021__warmup-3c0dc5024b
[error] imaginaryctf2022__cbc-d843f4171d
[error] imaginaryctf2021__notpwn-f397bf8108
[error] imaginaryctf2021__nothoughts-c6517f1464
[error] imaginaryctf2022__emoji-0426f6726c
[error] imaginaryctf2022__desrever-38e48deb23
[error] imaginaryctf2022__fmtfun-2d80b895a4
[error] imaginaryctf2022__hash-c31073dfce
[error] imaginaryctf2022__otp-d863744f6f
[error] imaginaryctf2022__livingwithoutexpectations-f1c1a5b212
[error] imaginaryctf2022__poker-0ab78edf58
[error] imaginaryctf2022__smoll-2f7a8b7750
[error] imaginaryctf2022__secureencodinghex-c37bb2ecd3
[error] imaginaryctf2022__stream-37a795bebf
[error] imaginaryctf2023__chaos-ae3553bebb
[error] imaginaryctf2022__secureencoding-fdf78b5755
[error] imaginaryctf2023__emoticons-09ab3d6997
[error] imaginaryctf2023__rsa-7dbc49d491
[error] imaginaryctf2023__scrambled-969a2a0d47
[error] imaginaryctf2023__sheepish-bf03200680
[error] imaginaryctf2023__crypto-af156c6897
[error] imaginaryctf2024__bf-25c2e706f3
[error] imaginaryctf2023__snailchecker-59b287c103
[error] imaginaryctf2023__signpost-0bf5909748
[error] imaginaryctf2023__signer-8ed7b9eb93
[error] imaginaryctf2024__base64-fd4f36620f
[error] imaginaryctf2024__integrity-a9bcf7c265
[error] imaginaryctf2024__vokram-d749a94808
[error] irisctf2025__ayes-b4a4a6dc9c
[error] irisctf2025__dot-cb6f06c0fb
[error] irisctf2025__sqlate-17af3394b3
