Effective runtime configuration: workers=8 step_limit=200 task_timeout=3600s inner_task_timeout=3540s model_timeout=1200.0s messages_api_timeout=1170.0s max_bridge_containers=180 max_dynamic_networks=24
Discovered 1081 task(s); running 1081; skipping 0 completed task(s).
[generated] 0ctf2018__subtraction-a0a3add0f4
[error] 0ctf2018__blackhole-a700794e47
[generated] 0ctf2019__babyaegis-1960f06dcf
[generated] 0ctf2019__babyheap-914f2b64c7
[generated] 0ctf2018__babyheap2018-dd1280c09c
[generated] 0ctf2019__babyrsa-ce712ac949
[error] 0ctf2018__heapstorm-0159a07ea6
[generated] 0ctf2017__diethard-42aa242adb
[error] 0ctf2017__babyheap-ef570c4099
[error] 0ctf2018__freenote2018-14294ef976
[error] 0ctf2017__easiestprintf-4f87eb0f0f
[error] 0ctf2018__zerofs-a2e28d4faf
[generated] 0ctf2019__plang-5fefdae8a9
[error] 0ctf2019__babysandbox-7a2ec9c71b
[generated] 0ctf2019__zerotask-a1c287d32e
[error] 0ctf2021quals__future-c15da51ded
[error] 0ctf2019__elements-12c9366ea1
[error] 0ctf2019__flropyd-09e7147194
[generated] 0ctf2019__sanitize-eaf6397f86
[error] 0ctf2019__scanner-0dbd381bf4
[generated] 0x41414141ctf2021__client-1623b627b2
[error] 0ctf2021quals__vp-73b9611bad
[error] 0x41414141ctf2021__moving-signals-1dbead341e
[generated] 0ctf2021quals__cloudpass-833af61b7a
[error] 0x41414141ctf2021__external-746d3f61e6
[error] 0x41414141ctf2021__factorize-4ce5db5bbd
[error] 0ctf2021quals__zer0lfsr-94e599756e
[error] 0ctf2021quals__listbook-d31dfe2bb9
[generated] 0x41414141ctf2021__filereader-239df2567e
[generated] 0x41414141ctf2021__ret-of-the-rops-803ed111cb
[generated] 0x41414141ctf2021__ware-776e7dd590
[generated] 0x41414141ctf2021__wrongdownload-7ff4c2cf36
[error] 0x41414141ctf2021__hash-b748990301
[generated] 0xl4ugh__4lld4y-b74781c06f
[error] 0x41414141ctf2021__pyjail-3fc3bf1e4c
[generated] 0xl4ugh__dorya-703d970fe8
[generated] 0xl4ugh__smolweb-74fa5794c9
[error] 0x41414141ctf2021__shjail-d0e3540001
[error] 0x41414141ctf2021__soul-8e07deb4ca
[generated] 0x41414141ctf2021__the-pwn-inn-2e1e15efd7
[generated] 29c3ctf2012__maya-c999b974e7
[error] 0x41414141ctf2021__staple-aes-58ef1c4117
[error] 0x41414141ctf2021__wallet-905c1e0477
[generated] 0x41414141ctf2021__x-and-or-9c2d086dd6
[error] 0xl4ugh__spiralfloats-480319c59e
[error] 29c3ctf2012__findthekey-5fb9571cbc
[error] 29c3ctf2012__memcached-f9aad9fca1
[error] 29c3ctf2012__minesweeper-dcf924888f
[generated] accessdeniedctf2022__ecc-3d127053ae
[error] 29c3ctf2012__proxy-3bc02960ae
[generated] accessdeniedctf2022__merklegoodman-31a2119d2d
[error] 29c3ctf2012__ru1337-2cd33da820
[error] 29c3ctf2012__updateserver-e48874c439
[error] accessdeniedctf2022__babyc-c2078a26dd
[error] accessdeniedctf2022__binary-3e6741a647
[error] accessdeniedctf2022__enormous-6a940f987e
[generated] accessdeniedctf2022__llvm-a48f8b792b
[generated] accessdeniedctf2022__rsa2-be1fc73c80
[generated] accessdeniedctf2022__mitm2-244fcbf6b2
[error] accessdeniedctf2022__ret2system-7ee678ed27
[error] accessdeniedctf2022__rsa1-c8bd10fa8c
[error] amateursctf__division-fbe1862c45
[generated] accessdeniedctf2022__smallkey-203d49c058
[generated] accessdeniedctf2022__rsa3-f4b61fe1f1
[generated] amateursctf__addition-124a8519eb
[error] amateursctf__normal-d7682fea15
[error] amateursctf__piano-ecf34098a0
[error] amateursctf__uncrackable-c1d77ff9b8
[error] angstromctf2016__amoebananas-096ba93b9b
[error] angstromctf2016__artifact-8f4115f2bd
[error] angstromctf2016__asmtracing-66ce8a074b
[error] angstromctf2016__casino-005b859d7b
[generated] angstromctf2016__fender-dd139e2be2
[generated] angstromctf2016__cipher-44e22b336f
[error] angstromctf2016__client-fda76b713e
[error] angstromctf2016__drag-6b2e194935
[generated] angstromctf2016__hex-45b855775f
[generated] angstromctf2016__formatone-98879638e5
[generated] angstromctf2016__flaglock-fd9b771f6c
[error] angstromctf2016__endian-d1fb7a611d
[generated] angstromctf2016__imageencryptor-3fd7f8a719
[generated] angstromctf2016__recovery-091b60899b
[error] angstromctf2016__hamlet-93c4f5aa7c
[generated] angstromctf2016__spqr-e999510cd2
[generated] angstromctf2016__rsa-93131a6e97
[generated] angstromctf2017__begin-0b186ac140
[error] angstromctf2016__headsup-f6dcaaefbd
[error] angstromctf2016__helpcenter-40af403593
[error] angstromctf2016__javabest-1cead26f71
[generated] angstromctf2017__obligatory-56aac085a4
[error] angstromctf2016__metasploit-b5a599dd2b
[generated] angstromctf2017__casino-31940756d6
[error] angstromctf2016__music-b0dab2ba47
[error] angstromctf2016__oops-70e3217050
[error] angstromctf2016__yankovic-b42c352709
[generated] angstromctf2018__bankroppery-a292714cd7
[generated] angstromctf2017__knockknock-12b3cb841a
[error] angstromctf2017__royalcasino-03333d0435
[error] angstromctf2017__substitutioncipher-ca399c5f69
[generated] angstromctf2018__accumulator-b786e674d5
[error] angstromctf2018__backtobasics-26f0cc5580
[error] angstromctf2018__introtorsa-add58986dd
[generated] angstromctf2018__washington-eaa54f974b
[generated] angstromctf2018__productkey-5ef6242f8d
[error] angstromctf2018__rev1-45eef2a6ef
[error] angstromctf2018__rev2-9845185ea0
[error] angstromctf2018__rev3-1e44c64790
[generated] angstromctf2018__waldo2-3bfdd063fe
[error] angstromctf2018__warmup-bc9612f0eb
[generated] angstromctf2018__weirdmessage-07aea4dffe
[error] angstromctf2018__xor-609f529d0c
[error] angstromctf2019__blankpaper-bb8f8e957e
[error] angstromctf2019__chainofrope-8b0704bdad
[error] angstromctf2019__highqualitychecks-ab61aea249
[generated] angstromctf2019__runes-c0f494e2ba
[generated] angstromctf2019__paperbin-bdd19f2276
[error] angstromctf2022__amongus-7f5512976a
[error] angstromctf2019__icthyo-7b55ea7694
[generated] angstromctf2022__dyn-8231591f0c
[error] angstromctf2019__like-0297a2a569
[error] angstromctf2019__lithp-eca00f4b15
[generated] angstromctf2022__numbergame-0e1ba800c0
[error] angstromctf2019__onebite-5d5969b1bc
[error] angstromctf2019__overmybrain-aced06d6d4
[generated] angstromctf2022__wah-0939668a61
[generated] angstromctf2022__whatsmyname-4ab602d9f0
[error] angstromctf2019__reallysecurealgorithm-8280fb4b86
[generated] angstromctf2024__exam-3c262ac281
[generated] angstromctf2022__caesaranddesister-9224ebd972
[generated] angstromctf2022__randomlysampledalgorithm-9535a36015
[error] angstromctf2022__reallyobnoxiousproblem-3318ac1619
[error] angstromctf2022__shark1-8091d8e05a
[generated] angstromctf2024__layers-bb7c736d74
[error] angstromctf2022__uninspired-e9293d179b
[generated] angstromctf2024__presidential-588968e033
[error] angstromctf2024__awman-c5e3e16fcf
[error] angstromctf2024__bap-3ddcf49894
[error] angstromctf2024__heapify-8e4ecdb276
[error] angstromctf2024__leftright-8a0c75647a
[generated] angstromctf2024__tss1-50ffa2c0d5
[generated] angstromctf2024__og-4c22054828
[error] angstromctf2024__philosophy-12b2af64e8
[generated] angstromctf2024__simonsays-54f8f99d05
[generated] asisctf2013__encoding-303677be29
[error] angstromctf2024__snowman-23583f447c
[generated] asisctf2013__licensekey-67ea54c051
[error] angstromctf2024__stacksort-612a330523
[error] angstromctf2024__themectl-842437a7ba
[generated] angstromctf2024__tss2-a59b375b3d
[error] asisctf2013__inaccessible-3de9b201ef
[error] asisctf2013__dice-9a740c2fe7
[error] asisctf2013__memdump-9eb9d41460
[error] asisctf2013__pcaps-8854d61f48
[error] asisctf2013__serialnumber-5427bfd18f
[generated] asisctf2013__simpleofficer-59f455959e
[error] asisctf2014__blocks-177567da78
[generated] asisctf2014__randomimage-343c139fc3
[generated] backdoorctf2019__matrix-be4c9e1e19
[error] backdoorctf2019__babyheapbackdoorctf-55394c351a
[error] backdoorctf2019__babytcache-e47930fae9
[generated] backdoorctf2019__echo-6502dc4978
[generated] backdoorctf2019__miscpwn-36576a5a30
[error] backdoorctf2019__forgot-00873c4f8a
[generated] boilers2026__yaml-practice-8e281c95a2
[error] backdoorctf2019__rsanne-9747e3d8d2
[generated] breakthesyntaxctf2026__captcha-915b66cced
[generated] boilers2026__ecb-lasagna-b4be39466d
[generated] breakthesyntaxctf2026__cart-blanche-fe460cb41a
[generated] breakthesyntaxctf2026__far-1aa5957e74
[generated] breakthesyntaxctf2026__bugxxor-32cc29646c
[generated] breakthesyntaxctf2026__flagchecker-63c90eda42
[generated] breakthesyntaxctf2026__fcp-58c47657e5
[generated] breakthesyntaxctf2026__pokecollector-421cd93ac7
[error] backdoorctf2019__team-d0832c1f18
[error] boilers2026__badyuri-38b166a755
[error] breakthesyntaxctf2026__shellcode-1-11-1ff87be40a
[error] breakthesyntaxctf2026__shellcode-2-22-29ddf870d2
[generated] boilers2026__build-a-builtin-74c3be682c
[generated] boilers2026__bike-9f39487a81
[error] breakthesyntaxctf2026__w-f7a5bca4c0
[generated] breakthesyntaxctf2026__zabbix-15101c0a24
[error] boilers2026__transmutation-c701b08d06
[generated] buckeyectf2025__character-bb62722987
[generated] breakthesyntaxctf2026__seashells-9437d583af
[error] breakthesyntaxctf2026__crabuoros-5b0d9c15aa
[generated] breakthesyntaxctf2026__my-first-game-d80a8ca24f
[error] breakthesyntaxctf2026__poni-barn-60c05f3343
[error] breakthesyntaxctf2026__stepping-stones-c406728619
[generated] buckeyectf2025__squarecipher-327f1c739e
[generated] byuctf2022__qool-61535b1363
[generated] byuctf2022__xqr-3de8e92e5b
[error] byuctf2022__ballgame-bd92ed527e
[generated] byuctf2023__crcconfusion-da0bc61aae
[error] byuctf2022__basicrev-c8b2d7e12e
[error] byuctf2022__blue-3d3e778caf
[generated] byuctf2023__misc006-1-370b82f947
[generated] byuctf2023__misc006-2-8e440b218e
[generated] byuctf2023__pwn2038-da66ef2cde
[generated] byuctf2023__rsa2-8d1726dcb3
[error] byuctf2022__chicken-bfa1d7b5c8
[error] byuctf2022__funfact-e5f934f3a4
[generated] byuctf2023__xkcd2637-c37105dc04
[error] byuctf2022__shift-f1a1895471
[error] byuctf2022__truth-4b851ce914
[generated] byuctf2024__domath-58eab79bfc
[error] byuctf2023__hexadecalingo-367ffeeab2
[generated] byuctf2023__rsa5-539c3e2606
[error] byuctf2023__rsa1-dd8a52608a
[error] byuctf2023__rsa3-ecd24f17a7
[error] byuctf2023__rsa4-00e9ffca72
[generated] byuctf2024__multiplied-7f0ff56ab5
[generated] byuctf2024__aresa-117f0ebf59
[error] byuctf2024__petrolhead-af27cc2d61
[generated] byuctf2024__vacationboats-3c135b452c
[generated] cactusconctf2025__clueless-03c747ddd5
[generated] byuctf2024__wateryoudoing-35c5c0826f
[generated] byuctf2024__gotmail-3809738b26
[error] cactusconctf2025__numbersleuthv3-8a1c1410db
[generated] cactusconctf2025__numbersleuthv1-2c3c2c86b0
[error] byuctf2024__giveup-15b44176c5
[generated] cactusconctf2025__frng-9017cafe00
[generated] cactusconctf2026__moveit-dc684aaa6b
[generated] ccscctf2020__basilisk64-10f7d66898
[generated] cactusconctf2025__numbersleuthv2-dfbba1b78c
[error] byuctf2024__meetgreg-ff4756bd74
[error] cactusconctf2026__dumpdrop-77e7911e15
[generated] byuctf2024__typosquatting-739452ca20
[generated] ccscctf2020__echoes-556b98f92b
[generated] ccscctf2020__routes-4890dd9acf
[error] byuctf2024__worstchallenge-6f58ecc28c
[generated] codegate2011__binary300-22458faec8
[generated] cactusconctf2026__schwisfty-b628d51d12
[generated] ccscctf2020__guy-2434da254a
[generated] ccscctf2020__mouse-8ea962072f
[error] cactusconctf2025__securerepititions-11ef1148eb
[generated] codegate2011__crypto300-8cd21e337e
[error] ccscctf2020__spell-1a53e10156
[error] codegate2011__binary100-67558efe54
[error] codegate2011__binary200-86b1e7753d
[generated] codegate2011__forensics200-14fd73a05e
[error] codegate2011__binary400-1243c11d8b
[error] codegate2011__binary500-cefbf7b2da
[error] codegate2011__crypto200-17d6b698c6
[generated] codegatectf2012__bin100-50b7597d1e
[generated] codegate2026__greybox-cef0c5fdfc
[error] codegate2011__crypto400-03841afcb1
[generated] codegatectf2012__bin400-2be022a51a
[error] codegate2011__crypto500-798aa2710d
[generated] codegatectf2012__bin500-29a4f3d06d
[error] codegate2011__forensics400-9df35c7ced
[error] codegate2011__forensics300-346f0a6716
[generated] codegatectf2012__bin300-1e5efa98de
[generated] codegatectf2012__forensics400-07299ce4a4
[error] codegatectf2013__vuln100-a77882b9d1
[error] codegatectf2012__forensics200-5ba0ef59b9
[error] codegatectf2012__forensics100-557361c88d
[error] codegatectf2012__forensics300-d9c787f377
[error] codegatectf2012__vuln500-ab7ac08039
[error] codegate2026__welcomeflag-460af61ace
[error] codegate2011__network100-a7486b313b
[generated] codegateprelims2014__chronological-88563fc6fb
[generated] codegateprelims2014__hypercat-5d5e0ffea2
[error] codegatectf2012__bin200-33fce2039e
[generated] corctf2021__babyrand-d385d1e7d2
[error] codegateprelims2014__4stone-a264a3646b
[generated] codegateprelims2014__automata-16578b2814
[error] codegateprelims2014__angrydoraemon-b4db0f8438
[error] codegateprelims2014__crackme-f96c343ca3
[error] codegateprelims2014__dodosandbox-7d6c56cc47
[error] codegateprelims2014__minibomb-1020012938
[error] codegateprelims2014__weirdsnus-ef14c1ce29
[generated] corctf2021__bank-8381fab8c4
[generated] corctf2021__cshell-9416bb5dad
[generated] corctf2021__lcg-301598ebd3
[generated] corctf2021__vmquack-6ae8f0de52
[error] corctf2021__chance-c6559426c6
[generated] corctf2022__babypad-0ce6546841
[error] corctf2021__babyrev-9586577efd
[generated] corctf2021__friedrice-7fb404273d
[generated] corctf2021__chainblock-5203b86414
[generated] corctf2022__turbocrab-3fc121dae4
[generated] corctf2022__vmquacksrevenge-302edec6d1
[error] corctf2021__fibinary-18c2a3f2eb
[generated] corctf2022__msfrob-f5eaf5a145
[error] corctf2021__fourninesix-5650a32f2d
[generated] cryptoctf2020__complextohell-db5e310169
[error] corctf2022__bogus-20706dcb3a
[error] corctf2022__edgelord-5e570882f6
[generated] cryptoctf2020__fatima-fc1dd85984
[generated] cryptoctf2021__ecchimera-b635dc8205
[generated] cryptoctf2020__threeravens-5036e0ae6a
[generated] cryptoctf2021__elegant-a456ace310
[error] corctf2022__exchanged-9b711913d1
[generated] cryptoctf2021__frozen-b2c971ce34
[error] cryptoctf2020__amsterdam-56bd2369b2
[generated] cryptoctf2021__hamul-20c182652b
[generated] cryptoctf2020__onelinecrypto-b3007267e1
[generated] cryptoctf2021__hypernormal-939e82c69f
[generated] cryptoctf2021__dorsa-b5b191f594
[generated] cryptoctf2021__lower-e4768a4bc9
[generated] cryptoctf2021__triplet-67f133a3b3
[generated] cryptoversectf2022__bigrabin-1e63e34216
[error] cryptoctf2020__trailingbits-66efe1cd7d
[generated] cryptoversectf2022__dlog-e735d8c1fe
[error] cryptoctf2021__farm-1851c56d60
[generated] cryptoctf2021__wolf-781b54ca8e
[generated] cryptoversectf2022__rsa3-c58ab48b84
[generated] cryptoctf2021__trunc-33eb9aceda
[generated] cryptoversectf2023__acceptance-f2778f1902
[error] cryptoctf2021__improved-579cdb1dbe
[error] cryptoctf2021__rima-97c3c71e70
[error] cryptoctf2021__tinyecc-6c09bfc323
[generated] cryptoversectf2023__fractionalflag-256793b5b4
[generated] cryptoversectf2022__tale-44cca076a5
[generated] cryptoversectf2023__backpack-2bbd847755
[error] cryptoversectf2022__rsa2-d6f44a5ecf
[generated] cryptoversectf2023__babyaes-3896923e76
[error] cryptoversectf2022__worldcup-929645efc9
[generated] cryptoversectf2023__retschool-7eda7adec1
[generated] csaw2017__auir-1f570b3298
[error] cryptoversectf2023__lsfr-b5de9ea53d
[error] cryptoversectf2023__microassembly-5dc6b94381
[generated] csaw2017__babycrypt-44dcc23e56
[error] cryptoversectf2023__picochip1-5048929078
[generated] csaw2017__grumpcheck-3efa6046b3
[error] cryptoversectf2023__picochip2-74b810c9b5
[generated] csaw2017__prophecy-9d7fe668bf
[generated] csaw2017__pilot-193662fb14
[generated] csaw2017__cvv-3b8ee79802
[error] csaw2017__almostxor-4ef49ecc2f
[error] cryptoversectf2023__simplecheckin-befa7234ba
[error] cryptoversectf2023__standardvm-f203a97c9d
[generated] csaw2017__minesweeper-8fc9e3a9ed
[generated] csaw2017__twitchplayspwnable-f55758ec68
[generated] csaw2017__scv-06e012af46
[generated] csaw2017__bananascript-cea4c15179
[error] csaw2017__serial-e0d890be1d
[error] csaw2017__tablez-c537454fb4
[error] csaw2017__zone-412f530c18
[error] csawctf2011__crypto1-263a090aff
[error] csawctf2011__crypto10-092ad79ea2
[error] csawctf2011__crypto2-b19380f846
[error] csawctf2011__crypto3-7d01f4cbc8
[error] csawctf2011__crypto4-f2236c90b6
[error] csawctf2011__crypto5-26aa086089
[error] csawctf2011__crypto6-39f43a5780
[error] csawctf2011__crypto7-fab8085bc9
[error] csawctf2011__crypto8-a1ee7f814d
[error] csawctf2011__crypto9-e90ce6c018
[error] csawctf2011__evilburritos2-4fb7b61db0
[error] csawctf2011__hardware-27e6c0dbb0
[generated] csawctf2012__exploit200-3fc75bd922
[error] csawctf2011__linux-0e2fdb531f
[generated] csawctf2012__networking200-2cbcaecb62
[error] csawctf2011__loveletter-7fcde8ce9d
[error] csawctf2011__net1-0ddc3264e7
[generated] csawctf2012__networking300-498b4925c3
[error] csawctf2011__net200-3216e2f058
[error] csawctf2011__networking101-2516485fec
[error] csawctf2012__exploit400-9ab2598122
[error] csawctf2012__exploit500-aa6535bf66
[error] csawctf2012__networking100-230b888834
[generated] csawctf2014__feal-67ada3a590
[generated] csawctf2014__eggshells-6826a2ba0d
[error] csawctf2012__networking400-b6b4b45e03
[error] csawctf2012__rev400-13951864c8
[error] csawctf2014__aerosol-426e50ccda
[error] csawctf2014__bigdata-e46864bd7d
[error] csawctf2014__bo-ef9023ee1f
[error] csawctf2014__cfbsum-20bbba49cf
[error] csawctf2014__ish-af8a053292
[error] csawctf2014__obscurity-788832cc85
[error] csawctf2014__s3-1ec261ef57
[generated] csawctf2014__saturn-7bc9ca20ca
[error] csawctfquals2020__applicative-1faf4fe060
[error] csawctfquals2021__alienmath-f96e130f7e
[error] csawctfquals2021__contactus-7a40c80263
[generated] csawctfquals2024__aes-e796999480
[generated] csawctfquals2024__diffusion-cb8400cb75
[generated] csawctfquals2024__chinesefood-8849b05170
[error] csawctfquals2021__forgery-3d17a6c2db
[generated] csawctfquals2024__golf-940a69bee3
[generated] csawctfquals2021__passwordchecker-51cfb0724c
[generated] csawctfquals2021__sonicgraphy-94c74e7172
[error] csawctfquals2021__lazyleaks-74f2bec88b
[generated] csawctfquals2024__rickshaw-4e788041cd
[generated] cybergame2026__ch08-safeps2-90b555ed4a
[error] csawctfquals2024__covert-e8c2a1e4ff
[error] csawctfquals2024__nix-568d416bb9
[error] csawctfquals2024__trapdoor-adfbdee0c1
[error] cybergame2026__ch01-safeps-9d8612d9e9
[error] cybergame2026__ch06-elephant1-1bbed2d9a9
[error] cybergame2026__ch07-letters-7e2c3e472e
[generated] cybergame2026__ch12-xy-784d7e1511
[error] cybergame2026__ch17-description-9597ed7923
[generated] cybergame2026__ch23-plaintext-f6acec28b9
[error] cybergame2026__ch18-rotted-f38df09985
[generated] cybergame2026__ch35-portable-fe4d18db19
[error] cybergame2026__ch24-span-122bac578a
[error] cybergame2026__ch25-totrue-5366150a4b
[generated] cybergame2026__ch27-sudoku-c5291a73dc
[error] cybergame2026__ch30-elephant2-f7478cdda8
[error] cybergame2026__ch32-ecc-7c87ebf1d6
