Discovered 831 task(s); running 831; skipping 0 completed task(s).
[error] 0ctf2018__subtraction-a0a3add0f4
[error] 0ctf2018__babyheap2018-dd1280c09c
[error] 0ctf2018__heapstorm-0159a07ea6
[error] 0ctf2018__freenote2018-14294ef976
[error] 0ctf2018__blackhole-a700794e47
[error] 0ctf2017__diethard-42aa242adb
[error] 0ctf2018__zerofs-a2e28d4faf
[error] 0ctf2019__babysandbox-7a2ec9c71b
[error] 0ctf2019__babyrsa-ce712ac949
[error] 0ctf2019__babyaegis-1960f06dcf
[error] 0ctf2019__babyheap-914f2b64c7
[error] 0ctf2019__elements-12c9366ea1
[error] 0ctf2019__plang-5fefdae8a9
[error] 0ctf2019__zerotask-a1c287d32e
[error] 0ctf2019__flropyd-09e7147194
[error] 0ctf2019__scanner-0dbd381bf4
[error] 0ctf2019__sanitize-eaf6397f86
[error] 0ctf2021quals__vp-73b9611bad
[error] 0ctf2021quals__future-c15da51ded
[error] 0ctf2021quals__listbook-d31dfe2bb9
[error] 0ctf2021quals__zer0lfsr-94e599756e
[error] 0x41414141ctf2021__client-1623b627b2
[error] 0x41414141ctf2021__filereader-239df2567e
[error] 0x41414141ctf2021__factorize-4ce5db5bbd
[error] 0x41414141ctf2021__hash-b748990301
[error] 0x41414141ctf2021__external-746d3f61e6
[error] 0x41414141ctf2021__pyjail-3fc3bf1e4c
[error] 0ctf2017__easiestprintf-4f87eb0f0f
[error] 0ctf2017__babyheap-ef570c4099
[error] 0x41414141ctf2021__shjail-d0e3540001
[error] 0x41414141ctf2021__soul-8e07deb4ca
[error] 0x41414141ctf2021__ret-of-the-rops-803ed111cb
[error] 0ctf2021quals__cloudpass-833af61b7a
[error] 0x41414141ctf2021__x-and-or-9c2d086dd6
[error] 0x41414141ctf2021__the-pwn-inn-2e1e15efd7
[error] 0x41414141ctf2021__wrongdownload-7ff4c2cf36
[error] 0x41414141ctf2021__ware-776e7dd590
[error] 0xl4ugh__4lld4y-b74781c06f
[error] 0x41414141ctf2021__staple-aes-58ef1c4117
[error] 0xl4ugh__smolweb-74fa5794c9
[error] 29c3ctf2012__findthekey-5fb9571cbc
[error] 0xl4ugh__spiralfloats-480319c59e
[error] 0xl4ugh__dorya-703d970fe8
[error] 29c3ctf2012__minesweeper-dcf924888f
[error] 29c3ctf2012__ru1337-2cd33da820
[error] 29c3ctf2012__proxy-3bc02960ae
[error] 29c3ctf2012__updateserver-e48874c439
[error] 29c3ctf2012__memcached-f9aad9fca1
[error] 0x41414141ctf2021__moving-signals-1dbead341e
[error] accessdeniedctf2022__babyc-c2078a26dd
[error] accessdeniedctf2022__binary-3e6741a647
[error] accessdeniedctf2022__ecc-3d127053ae
[error] accessdeniedctf2022__merklegoodman-31a2119d2d
[error] accessdeniedctf2022__llvm-a48f8b792b
[error] accessdeniedctf2022__ret2system-7ee678ed27
[error] accessdeniedctf2022__rsa3-f4b61fe1f1
[error] accessdeniedctf2022__rsa2-be1fc73c80
[error] 0x41414141ctf2021__wallet-905c1e0477
[error] accessdeniedctf2022__smallkey-203d49c058
[error] amateursctf__division-fbe1862c45
[error] amateursctf__addition-124a8519eb
[error] accessdeniedctf2022__mitm2-244fcbf6b2
[error] amateursctf__normal-d7682fea15
[error] accessdeniedctf2022__rsa1-c8bd10fa8c
[error] accessdeniedctf2022__enormous-6a940f987e
[error] amateursctf__piano-ecf34098a0
[error] angstromctf2016__amoebananas-096ba93b9b
[error] amateursctf__uncrackable-c1d77ff9b8
[error] angstromctf2016__artifact-8f4115f2bd
[error] angstromctf2016__casino-005b859d7b
[error] angstromctf2016__asmtracing-66ce8a074b
[error] angstromctf2016__cipher-44e22b336f
[error] angstromctf2016__client-fda76b713e
[error] angstromctf2016__endian-d1fb7a611d
[error] angstromctf2016__drag-6b2e194935
[error] angstromctf2016__fender-dd139e2be2
[error] angstromctf2016__formatone-98879638e5
[error] angstromctf2016__flaglock-fd9b771f6c
[error] angstromctf2016__hamlet-93c4f5aa7c
[error] 29c3ctf2012__maya-c999b974e7
[error] angstromctf2016__metasploit-b5a599dd2b
[error] angstromctf2016__hex-45b855775f
[error] angstromctf2016__headsup-f6dcaaefbd
[error] angstromctf2016__oops-70e3217050
[error] angstromctf2016__spqr-e999510cd2
[error] angstromctf2016__rsa-93131a6e97
[error] angstromctf2016__yankovic-b42c352709
[error] angstromctf2017__begin-0b186ac140
[error] angstromctf2016__imageencryptor-3fd7f8a719
[error] angstromctf2016__javabest-1cead26f71
[error] angstromctf2016__music-b0dab2ba47
[error] angstromctf2016__helpcenter-40af403593
[error] angstromctf2018__accumulator-b786e674d5
[error] angstromctf2017__obligatory-56aac085a4
[error] angstromctf2016__recovery-091b60899b
[error] angstromctf2018__bankroppery-a292714cd7
[error] angstromctf2018__backtobasics-26f0cc5580
[error] angstromctf2018__productkey-5ef6242f8d
[error] angstromctf2018__introtorsa-add58986dd
[error] angstromctf2017__casino-31940756d6
[error] angstromctf2018__rev3-1e44c64790
[error] angstromctf2018__rev2-9845185ea0
[error] angstromctf2017__knockknock-12b3cb841a
[error] angstromctf2018__waldo2-3bfdd063fe
[error] angstromctf2017__substitutioncipher-ca399c5f69
[error] angstromctf2017__royalcasino-03333d0435
[error] angstromctf2018__warmup-bc9612f0eb
[error] angstromctf2018__washington-eaa54f974b
[error] angstromctf2018__weirdmessage-07aea4dffe
[error] angstromctf2019__blankpaper-bb8f8e957e
[error] angstromctf2018__xor-609f529d0c
[error] angstromctf2019__highqualitychecks-ab61aea249
[error] angstromctf2019__overmybrain-aced06d6d4
[error] angstromctf2019__icthyo-7b55ea7694
[error] angstromctf2019__lithp-eca00f4b15
[error] angstromctf2019__like-0297a2a569
[error] angstromctf2019__onebite-5d5969b1bc
[error] angstromctf2019__paperbin-bdd19f2276
[error] angstromctf2018__rev1-45eef2a6ef
[error] angstromctf2022__caesaranddesister-9224ebd972
[error] angstromctf2019__reallysecurealgorithm-8280fb4b86
[error] angstromctf2019__runes-c0f494e2ba
[error] angstromctf2022__amongus-7f5512976a
[error] angstromctf2022__dyn-8231591f0c
[error] angstromctf2022__reallyobnoxiousproblem-3318ac1619
[error] angstromctf2019__chainofrope-8b0704bdad
[error] angstromctf2022__whatsmyname-4ab602d9f0
[error] angstromctf2024__awman-c5e3e16fcf
[error] angstromctf2024__heapify-8e4ecdb276
[error] angstromctf2024__layers-bb7c736d74
[error] angstromctf2022__randomlysampledalgorithm-9535a36015
[error] angstromctf2022__numbergame-0e1ba800c0
[error] angstromctf2022__wah-0939668a61
[error] angstromctf2024__leftright-8a0c75647a
[error] angstromctf2024__og-4c22054828
[error] angstromctf2022__shark1-8091d8e05a
[error] angstromctf2022__uninspired-e9293d179b
[error] angstromctf2024__philosophy-12b2af64e8
[error] angstromctf2024__themectl-842437a7ba
[error] angstromctf2024__stacksort-612a330523
[error] angstromctf2024__exam-3c262ac281
[error] angstromctf2024__snowman-23583f447c
[error] angstromctf2024__tss2-a59b375b3d
[error] angstromctf2024__tss1-50ffa2c0d5
[error] asisctf2013__encoding-303677be29
[error] asisctf2013__dice-9a740c2fe7
[error] asisctf2013__inaccessible-3de9b201ef
[error] angstromctf2024__simonsays-54f8f99d05
[error] asisctf2013__licensekey-67ea54c051
[error] asisctf2013__pcaps-8854d61f48
[error] asisctf2013__memdump-9eb9d41460
[error] asisctf2014__blocks-177567da78
[error] asisctf2014__randomimage-343c139fc3
[error] backdoorctf2019__babyheapbackdoorctf-55394c351a
[error] backdoorctf2019__babytcache-e47930fae9
[error] backdoorctf2019__echo-6502dc4978
[error] backdoorctf2019__matrix-be4c9e1e19
[error] backdoorctf2019__forgot-00873c4f8a
[error] backdoorctf2019__miscpwn-36576a5a30
[error] asisctf2013__simpleofficer-59f455959e
[error] asisctf2013__serialnumber-5427bfd18f
[error] backdoorctf2019__rsanne-9747e3d8d2
[error] backdoorctf2019__team-d0832c1f18
[error] boilers2026__badyuri-38b166a755
[error] boilers2026__bike-9f39487a81
[error] boilers2026__build-a-builtin-74c3be682c
[error] boilers2026__ecb-lasagna-b4be39466d
[error] boilers2026__transmutation-c701b08d06
[error] boilers2026__yaml-practice-8e281c95a2
[error] breakthesyntaxctf2026__bugxxor-32cc29646c
[error] breakthesyntaxctf2026__captcha-915b66cced
[error] breakthesyntaxctf2026__cart-blanche-fe460cb41a
[error] breakthesyntaxctf2026__crabuoros-5b0d9c15aa
[error] angstromctf2024__presidential-588968e033
[error] breakthesyntaxctf2026__far-1aa5957e74
[error] breakthesyntaxctf2026__my-first-game-d80a8ca24f
[error] breakthesyntaxctf2026__flagchecker-63c90eda42
[error] breakthesyntaxctf2026__fcp-58c47657e5
[error] breakthesyntaxctf2026__poni-barn-60c05f3343
[error] breakthesyntaxctf2026__shellcode-1-11-1ff87be40a
[error] breakthesyntaxctf2026__shellcode-2-22-29ddf870d2
[error] breakthesyntaxctf2026__zabbix-15101c0a24
[error] breakthesyntaxctf2026__w-f7a5bca4c0
[error] breakthesyntaxctf2026__stepping-stones-c406728619
[error] buckeyectf2025__squarecipher-327f1c739e
[error] byuctf2022__blue-3d3e778caf
[error] byuctf2022__basicrev-c8b2d7e12e
[error] byuctf2022__ballgame-bd92ed527e
[error] breakthesyntaxctf2026__pokecollector-421cd93ac7
[error] byuctf2022__chicken-bfa1d7b5c8
[error] byuctf2022__funfact-e5f934f3a4
[error] byuctf2022__truth-4b851ce914
[error] byuctf2022__qool-61535b1363
[error] byuctf2022__shift-f1a1895471
[error] buckeyectf2025__character-bb62722987
[error] byuctf2022__xqr-3de8e92e5b
[error] byuctf2023__crcconfusion-da0bc61aae
[error] byuctf2023__hexadecalingo-367ffeeab2
[error] byuctf2023__misc006-1-370b82f947
[error] byuctf2023__misc006-2-8e440b218e
[error] byuctf2023__rsa1-dd8a52608a
[error] byuctf2023__rsa3-ecd24f17a7
[error] byuctf2023__rsa2-8d1726dcb3
[error] byuctf2023__rsa5-539c3e2606
[error] byuctf2023__rsa4-00e9ffca72
[error] byuctf2024__aresa-117f0ebf59
[error] byuctf2023__xkcd2637-c37105dc04
[error] byuctf2024__giveup-15b44176c5
[error] byuctf2024__multiplied-7f0ff56ab5
[error] byuctf2024__gotmail-3809738b26
[error] byuctf2024__meetgreg-ff4756bd74
[error] byuctf2023__pwn2038-da66ef2cde
[error] byuctf2024__petrolhead-af27cc2d61
[error] byuctf2024__wateryoudoing-35c5c0826f
[error] byuctf2024__vacationboats-3c135b452c
[error] cactusconctf2025__clueless-03c747ddd5
[error] cactusconctf2025__numbersleuthv1-2c3c2c86b0
[error] cactusconctf2025__frng-9017cafe00
[error] byuctf2024__domath-58eab79bfc
[error] cactusconctf2025__numbersleuthv3-8a1c1410db
[error] cactusconctf2025__securerepititions-11ef1148eb
[error] cactusconctf2026__dumpdrop-77e7911e15
[error] cactusconctf2026__schwisfty-b628d51d12
[error] cactusconctf2026__moveit-dc684aaa6b
[error] ccscctf2020__basilisk64-10f7d66898
[error] ccscctf2020__echoes-556b98f92b
[error] ccscctf2020__guy-2434da254a
[error] byuctf2024__typosquatting-739452ca20
[error] byuctf2024__worstchallenge-6f58ecc28c
[error] ccscctf2020__mouse-8ea962072f
[error] ccscctf2020__routes-4890dd9acf
[error] cactusconctf2025__numbersleuthv2-dfbba1b78c
[error] codegate2011__binary400-1243c11d8b
[error] codegate2011__binary100-67558efe54
[error] codegate2011__binary200-86b1e7753d
[error] angstromctf2024__bap-3ddcf49894
[error] codegate2011__crypto500-798aa2710d
[error] codegate2011__crypto300-8cd21e337e
[error] codegate2011__binary500-cefbf7b2da
[error] codegate2011__crypto400-03841afcb1
[error] codegate2011__forensics300-346f0a6716
[error] codegate2011__network100-a7486b313b
[error] codegate2011__crypto200-17d6b698c6
