timestamp: 2026-08-24T17:02:29+00:00
challenge_json: /data1/nfs/wangyingqi/CTF-Dojo/ctf-archive/0ctf2017/babyheap/challenge.json
repo_path: /data1/nfs/wangyingqi/CTF-Dojo/ctf-archive/0ctf2017/babyheap
dockerfile_path: /data1/nfs/wangyingqi/CTF-Dojo/ctf-archive/0ctf2017/babyheap/Dockerfile
command: /home/ubuntu/miniconda3/envs/enigma/bin/python /data1/nfs/wangyingqi/Cyber-Zero/enigma-plus/run.py --model_name glm52_10 --image_name sweagent/enigma:latest --data_path /tmp/enigma-babyheap-u38couig/repo/challenge.json --repo_path /tmp/enigma-babyheap-u38couig/repo --config_file config/default_ctf.yaml --per_instance_step_limit 200 --trajectory_path /data1/nfs/wangyingqi/Cyber-Zero/trajectories/babyheap_final_20260825_010205/unnamed-3a52ce7809/enigma_output/attempt-20260825T010205363834-72ba304d --messages_api_url http://127.0.0.1:23106/v1/messages --messages_api_key EMPTY

error:


stdout:


stderr:


traceback:
Traceback (most recent call last):
  File "/data1/nfs/wangyingqi/Cyber-Zero/enigma-plus/scripts/ctfdojo_batch_generate.py", line 812, in run_one_task
    result = subprocess.run(command, cwd=ENIGMA_ROOT, capture_output=True, text=True,
  File "/home/ubuntu/miniconda3/envs/enigma/lib/python3.10/subprocess.py", line 505, in run
    stdout, stderr = process.communicate(input, timeout=timeout)
  File "/home/ubuntu/miniconda3/envs/enigma/lib/python3.10/subprocess.py", line 1154, in communicate
    stdout, stderr = self._communicate(input, endtime, timeout)
  File "/home/ubuntu/miniconda3/envs/enigma/lib/python3.10/subprocess.py", line 2021, in _communicate
    ready = selector.select(timeout)
  File "/home/ubuntu/miniconda3/envs/enigma/lib/python3.10/selectors.py", line 416, in select
    fd_event_list = self._selector.poll(timeout)
KeyboardInterrupt
